I'm sorry, but errors were detected in your script. Please correct the
errors listed below, and try again.


File "game/act2.rpy", line 104: expected statement.
    bg_magneticfieldumbrella
                            ^

Ren'Py Version: Ren'Py 8.3.2.24090902
Sun Oct  6 03:31:56 2024
